
/home/runner/work/exp-microscopic-method-iitk/exp-microscopic-method-iitk/experiment/simulation/js/sampleGlassZoom.js
   12:19  warning  'nextBtn' is assigned a value but never used  no-unused-vars
  154:19  warning  'nextBtn' is assigned a value but never used  no-unused-vars

/home/runner/work/exp-microscopic-method-iitk/exp-microscopic-method-iitk/experiment/simulation/js/script.js
  131:22  warning  'gsap' is not defined                 no-undef
  173:22  warning  'gsap' is not defined                 no-undef
  301:22  warning  'gsap' is not defined                 no-undef
  338:11  warning  'drop' is not defined                 no-undef
  344:11  warning  'drop2' is not defined                no-undef
  348:11  warning  'drop' is not defined                 no-undef
  352:11  warning  'drop2' is not defined                no-undef
  356:11  warning  'glass2' is not defined               no-undef
  368:11  warning  'glass' is not defined                no-undef
  423:3   warning  'glass2' is not defined               no-undef
  452:22  warning  'gsap' is not defined                 no-undef
  455:11  warning  'glass2' is not defined               no-undef
  461:11  warning  'glass2' is not defined               no-undef
  467:11  warning  'glass2' is not defined               no-undef
  473:11  warning  'glass2' is not defined               no-undef
  519:14  warning  'nextPage' is defined but never used  no-unused-vars

✖ 18 problems (0 errors, 18 warnings)

